// Jest Snapshot v1, https://goo.gl/fbAQLP

exports[`User renders consistently 1`] = `
<Fragment>
  <WithStyles(Grid)
    className="User-root-1"
    container={true}
  >
    <LoadingIndicator>
      <Component />
    </LoadingIndicator>
    <div
      position="absolute"
    >
      <pure(AccountCircleIcon)
        className="User-icon-2"
        style={
          Object {
            "fontSize": 200,
          }
        }
      />
      <WithStyles(Grid)
        alignItems="center"
        container={true}
        justify="center"
      >
        <WithStyles(Grid)
          item={true}
          xs={5}
        >
          <WithStyles(Paper)
            align="center"
            className="User-paper-3"
          >
            <WithStyles(Typography)
              className="User-type-4"
              gutterBottom={true}
              variant="h2"
            >
              Profile
            </WithStyles(Typography)>
            <WithStyles(Grid)
              alignItems="flex-start"
              container={true}
              justify="space-around"
              spacing={24}
            >
              <WithStyles(Grid)
                align="left"
                item={true}
                xs={5}
              >
                <WithStyles(Typography)
                  className="User-type-4"
                  component="h4"
                  variant="h5"
                >
                  First Name
                </WithStyles(Typography)>
              </WithStyles(Grid)>
              <WithStyles(Grid)
                align="left"
                item={true}
                xs={5}
              >
                <WithStyles(Typography)
                  className="User-info-5"
                  component="h3"
                  variant="h5"
                >
                  test
                </WithStyles(Typography)>
              </WithStyles(Grid)>
              <WithStyles(Grid)
                align="left"
                item={true}
                xs={5}
              >
                <WithStyles(Typography)
                  className="User-type-4"
                  component="h4"
                  variant="h5"
                >
                  Last Name
                </WithStyles(Typography)>
              </WithStyles(Grid)>
              <WithStyles(Grid)
                align="left"
                item={true}
                xs={5}
              >
                <WithStyles(Typography)
                  className="User-info-5"
                  component="h3"
                  variant="h5"
                >
                  user
                </WithStyles(Typography)>
              </WithStyles(Grid)>
              <WithStyles(Grid)
                align="left"
                item={true}
                xs={5}
              >
                <WithStyles(Typography)
                  className="User-type-4"
                  component="h4"
                  variant="h5"
                >
                  Username
                </WithStyles(Typography)>
              </WithStyles(Grid)>
              <WithStyles(Grid)
                align="left"
                item={true}
                xs={5}
              >
                <WithStyles(Typography)
                  className="User-info-5"
                  component="h3"
                  variant="h5"
                >
                  testuser
                </WithStyles(Typography)>
              </WithStyles(Grid)>
              <WithStyles(Grid)
                align="left"
                item={true}
                xs={5}
              >
                <WithStyles(Typography)
                  className="User-type-4"
                  component="h4"
                  variant="h5"
                >
                  Email
                </WithStyles(Typography)>
              </WithStyles(Grid)>
              <WithStyles(Grid)
                align="left"
                item={true}
                xs={5}
              >
                <WithStyles(Typography)
                  className="User-info-5"
                  component="h3"
                  noWrap={true}
                  variant="h5"
                >
                  testuser@email.com
                </WithStyles(Typography)>
              </WithStyles(Grid)>
            </WithStyles(Grid)>
          </WithStyles(Paper)>
        </WithStyles(Grid)>
      </WithStyles(Grid)>
    </div>
  </WithStyles(Grid)>
</Fragment>
`;
